// Jest Snapshot v1, https://goo.gl/fbAQLP

exports[`Component:HackerNewsPage should match snapshot 1`] = `<Connect(HackerNewsPage) />`;
