// Jest Snapshot v1, https://goo.gl/fbAQLP

exports[`Component:HackerNewsHeader should match snapshot 1`] = `<HackerNewsHeader />`;
